---
source: tests/render.rs
expression: "render_styled_to_string(&mut app, 110, 26)"
---
┌Assigned to me · In Progress · Inbox────┐┌ Urgent & unassigned  ·  6 issues ────────────────────────────────┐
    [0] fg=Some(Reset) bg=Some(Reset) mod=DIM "┌Assigned to me · In Progress · Inbox────┐"
    [42] fg=Some(Yellow) bg=Some(Reset) mod=NONE "┌"
    [43] fg=Some(Yellow) bg=Some(Reset) mod=BOLD " Urgent & unassigned  ·  6 issues "
    [77] fg=Some(Yellow) bg=Some(Reset) mod=NONE "────────────────────────────────┐"
│⠋  Loading…                             ││group status    sort manual                                       │
    [0] fg=Some(Reset) bg=Some(Reset) mod=DIM "│⠋  Loading…"
    [41] fg=Some(Reset) bg=Some(Reset) mod=DIM "│"
    [42] fg=Some(Yellow) bg=Some(Reset) mod=NONE "│"
    [43] fg=Some(Reset) bg=Some(Reset) mod=DIM "group "
    [49] fg=Some(Reset) bg=Some(Reset) mod=NONE "status    "
    [59] fg=Some(Reset) bg=Some(Reset) mod=DIM "sort "
    [64] fg=Some(Reset) bg=Some(Reset) mod=NONE "manual                                       "
    [109] fg=Some(Yellow) bg=Some(Reset) mod=NONE "│"
└────────────────────────────────────────┘│3 In Progress  ·  2 Todo  ·  1 Backlog                            │
    [0] fg=Some(Reset) bg=Some(Reset) mod=DIM "└────────────────────────────────────────┘"
    [42] fg=Some(Yellow) bg=Some(Reset) mod=NONE "│3 "
    [45] fg=Some(Reset) bg=Some(Reset) mod=DIM "In Progress  ·  "
    [61] fg=Some(Yellow) bg=Some(Reset) mod=NONE "2 "
    [63] fg=Some(Reset) bg=Some(Reset) mod=DIM "Todo  ·  "
    [72] fg=Some(Yellow) bg=Some(Reset) mod=NONE "1 "
    [74] fg=Some(Reset) bg=Some(Reset) mod=DIM "Backlog"
    [109] fg=Some(Yellow) bg=Some(Reset) mod=NONE "│"
┌Recently viewed─────────────────────────┐│                                                                  │
    [0] fg=Some(Reset) bg=Some(Reset) mod=DIM "┌Recently viewed─────────────────────────┐"
    [42] fg=Some(Yellow) bg=Some(Reset) mod=NONE "│"
    [109] fg=Some(Yellow) bg=Some(Reset) mod=NONE "│"
│Issues you open land here               ││In Progress  3                                                    │
    [0] fg=Some(Reset) bg=Some(Reset) mod=DIM "│"
    [1] fg=Some(Reset) bg=Some(Reset) mod=NONE "Issues you open land here               "
    [41] fg=Some(Reset) bg=Some(Reset) mod=DIM "│"
    [42] fg=Some(Yellow) bg=Some(Reset) mod=NONE "│"
    [43] fg=Some(Cyan) bg=Some(Reset) mod=BOLD "In Progress"
    [54] fg=Some(Reset) bg=Some(Reset) mod=DIM "  3"
    [109] fg=Some(Yellow) bg=Some(Reset) mod=NONE "│"
└────────────────────────────────────────┘│!!! DAN2-7 Wood-fired oven runs 40°C too hot on F…   oven  dan  1d│
    [0] fg=Some(Reset) bg=Some(Reset) mod=DIM "└────────────────────────────────────────┘"
    [42] fg=Some(Yellow) bg=Some(Reset) mod=NONE "│"
    [43] fg=Some(Red) bg=Some(Reset) mod=BOLD | REVERSED "!!!"
    [46] fg=Some(Reset) bg=Some(Reset) mod=BOLD | REVERSED " DAN2-7 Wood-fired oven runs 40°C too hot on F…  "
    [95] fg=Some(Rgb(0, 0, 0)) bg=Some(Rgb(235, 87, 87)) mod=BOLD | REVERSED " oven "
    [101] fg=Some(Reset) bg=Some(Reset) mod=BOLD | REVERSED " "
    [102] fg=Some(Blue) bg=Some(Reset) mod=BOLD | REVERSED "dan"
    [105] fg=Some(Reset) bg=Some(Reset) mod=BOLD | REVERSED "  1d"
    [109] fg=Some(Yellow) bg=Some(Reset) mod=NONE "│"
┌Saved Views─────────────────────────────┐│!!! DAN-10 Sprinkle dispenser jams during t…   production  dan  1d│
    [0] fg=Some(Reset) bg=Some(Reset) mod=DIM "┌Saved Views─────────────────────────────┐"
    [42] fg=Some(Yellow) bg=Some(Reset) mod=NONE "│"
    [43] fg=Some(Red) bg=Some(Reset) mod=NONE "!!!"
    [47] fg=Some(Reset) bg=Some(Reset) mod=DIM "DAN-10"
    [53] fg=Some(Reset) bg=Some(Reset) mod=NONE " Sprinkle dispenser jams during t…  "
    [89] fg=Some(Rgb(0, 0, 0)) bg=Some(Rgb(235, 87, 87)) mod=NONE " production "
    [102] fg=Some(Blue) bg=Some(Reset) mod=NONE "dan"
    [107] fg=Some(Reset) bg=Some(Reset) mod=DIM "1d"
    [109] fg=Some(Yellow) bg=Some(Reset) mod=NONE "│"
│Urgent & unassigned                     ││!!  DAN2-2 Delivery driver GPS points to the …   delivery  dan  1d│
    [0] fg=Some(Reset) bg=Some(Reset) mod=DIM "│"
    [1] fg=Some(Reset) bg=Some(Reset) mod=BOLD "Urgent & unassigned                     "
    [41] fg=Some(Reset) bg=Some(Reset) mod=DIM "│"
    [42] fg=Some(Yellow) bg=Some(Reset) mod=NONE "│"
    [43] fg=Some(LightRed) bg=Some(Reset) mod=NONE "!! "
    [47] fg=Some(Reset) bg=Some(Reset) mod=DIM "DAN2-2"
    [53] fg=Some(Reset) bg=Some(Reset) mod=NONE " Delivery driver GPS points to the …  "
    [91] fg=Some(Rgb(255, 255, 255)) bg=Some(Rgb(94, 106, 210)) mod=NONE " delivery "
    [102] fg=Some(Blue) bg=Some(Reset) mod=NONE "dan"
    [107] fg=Some(Reset) bg=Some(Reset) mod=DIM "1d"
    [109] fg=Some(Yellow) bg=Some(Reset) mod=NONE "│"
│Oven incidents                          ││Todo  2                                                           │
    [0] fg=Some(Reset) bg=Some(Reset) mod=DIM "│"
    [1] fg=Some(Reset) bg=Some(Reset) mod=NONE "Oven incidents                          "
    [41] fg=Some(Reset) bg=Some(Reset) mod=DIM "│"
    [42] fg=Some(Yellow) bg=Some(Reset) mod=NONE "│"
    [43] fg=Some(Cyan) bg=Some(Reset) mod=BOLD "Todo"
    [47] fg=Some(Reset) bg=Some(Reset) mod=DIM "  2"
    [109] fg=Some(Yellow) bg=Some(Reset) mod=NONE "│"
│Menu ideas                              ││!!! DAN2-3 Add gluten-free base option to the onl…   menu  dan  1d│
    [0] fg=Some(Reset) bg=Some(Reset) mod=DIM "│"
    [1] fg=Some(Reset) bg=Some(Reset) mod=NONE "Menu ideas                              "
    [41] fg=Some(Reset) bg=Some(Reset) mod=DIM "│"
    [42] fg=Some(Yellow) bg=Some(Reset) mod=NONE "│"
    [43] fg=Some(Red) bg=Some(Reset) mod=NONE "!!!"
    [47] fg=Some(Reset) bg=Some(Reset) mod=DIM "DAN2-3"
    [53] fg=Some(Reset) bg=Some(Reset) mod=NONE " Add gluten-free base option to the onl…  "
    [95] fg=Some(Rgb(0, 0, 0)) bg=Some(Rgb(15, 157, 88)) mod=NONE " menu "
    [102] fg=Some(Blue) bg=Some(Reset) mod=NONE "dan"
    [107] fg=Some(Reset) bg=Some(Reset) mod=DIM "1d"
    [109] fg=Some(Yellow) bg=Some(Reset) mod=NONE "│"
│                                        ││!!  DAN-13 Introduce a maple-bacon donut for the …   menu  dan  1d│
    [0] fg=Some(Reset) bg=Some(Reset) mod=DIM "│"
    [41] fg=Some(Reset) bg=Some(Reset) mod=DIM "│"
    [42] fg=Some(Yellow) bg=Some(Reset) mod=NONE "│"
    [43] fg=Some(LightRed) bg=Some(Reset) mod=NONE "!! "
    [47] fg=Some(Reset) bg=Some(Reset) mod=DIM "DAN-13"
    [53] fg=Some(Reset) bg=Some(Reset) mod=NONE " Introduce a maple-bacon donut for the …  "
    [95] fg=Some(Rgb(0, 0, 0)) bg=Some(Rgb(15, 157, 88)) mod=NONE " menu "
    [102] fg=Some(Blue) bg=Some(Reset) mod=NONE "dan"
    [107] fg=Some(Reset) bg=Some(Reset) mod=DIM "1d"
    [109] fg=Some(Yellow) bg=Some(Reset) mod=NONE "│"
│                                        ││Backlog  1                                                        │
    [0] fg=Some(Reset) bg=Some(Reset) mod=DIM "│"
    [41] fg=Some(Reset) bg=Some(Reset) mod=DIM "│"
    [42] fg=Some(Yellow) bg=Some(Reset) mod=NONE "│"
    [43] fg=Some(Cyan) bg=Some(Reset) mod=BOLD "Backlog"
    [50] fg=Some(Reset) bg=Some(Reset) mod=DIM "  1"
    [109] fg=Some(Yellow) bg=Some(Reset) mod=NONE "│"
│                                        ││!!  DAN2-5 Settle the pineapple-on-pizza…   customer-poll  dan  1d│
    [0] fg=Some(Reset) bg=Some(Reset) mod=DIM "│"
    [41] fg=Some(Reset) bg=Some(Reset) mod=DIM "│"
    [42] fg=Some(Yellow) bg=Some(Reset) mod=NONE "│"
    [43] fg=Some(LightRed) bg=Some(Reset) mod=NONE "!! "
    [47] fg=Some(Reset) bg=Some(Reset) mod=DIM "DAN2-5"
    [53] fg=Some(Reset) bg=Some(Reset) mod=NONE " Settle the pineapple-on-pizza…  "
    [86] fg=Some(Rgb(0, 0, 0)) bg=Some(Rgb(242, 201, 76)) mod=NONE " customer-poll "
    [102] fg=Some(Blue) bg=Some(Reset) mod=NONE "dan"
    [107] fg=Some(Reset) bg=Some(Reset) mod=DIM "1d"
    [109] fg=Some(Yellow) bg=Some(Reset) mod=NONE "│"
│                                        ││                                                                  │
    [0] fg=Some(Reset) bg=Some(Reset) mod=DIM "│"
    [41] fg=Some(Reset) bg=Some(Reset) mod=DIM "│"
    [42] fg=Some(Yellow) bg=Some(Reset) mod=NONE "│"
    [109] fg=Some(Yellow) bg=Some(Reset) mod=NONE "│"
│                                        ││                                                                  │
    [0] fg=Some(Reset) bg=Some(Reset) mod=DIM "│"
    [41] fg=Some(Reset) bg=Some(Reset) mod=DIM "│"
    [42] fg=Some(Yellow) bg=Some(Reset) mod=NONE "│"
    [109] fg=Some(Yellow) bg=Some(Reset) mod=NONE "│"
│                                        ││                                                                  │
    [0] fg=Some(Reset) bg=Some(Reset) mod=DIM "│"
    [41] fg=Some(Reset) bg=Some(Reset) mod=DIM "│"
    [42] fg=Some(Yellow) bg=Some(Reset) mod=NONE "│"
    [109] fg=Some(Yellow) bg=Some(Reset) mod=NONE "│"
│                                        ││                                                                  │
    [0] fg=Some(Reset) bg=Some(Reset) mod=DIM "│"
    [41] fg=Some(Reset) bg=Some(Reset) mod=DIM "│"
    [42] fg=Some(Yellow) bg=Some(Reset) mod=NONE "│"
    [109] fg=Some(Yellow) bg=Some(Reset) mod=NONE "│"
│                                        ││                                                                  │
    [0] fg=Some(Reset) bg=Some(Reset) mod=DIM "│"
    [41] fg=Some(Reset) bg=Some(Reset) mod=DIM "│"
    [42] fg=Some(Yellow) bg=Some(Reset) mod=NONE "│"
    [109] fg=Some(Yellow) bg=Some(Reset) mod=NONE "│"
│                                        ││                                                                  │
    [0] fg=Some(Reset) bg=Some(Reset) mod=DIM "│"
    [41] fg=Some(Reset) bg=Some(Reset) mod=DIM "│"
    [42] fg=Some(Yellow) bg=Some(Reset) mod=NONE "│"
    [109] fg=Some(Yellow) bg=Some(Reset) mod=NONE "│"
│                                        ││                                                                  │
    [0] fg=Some(Reset) bg=Some(Reset) mod=DIM "│"
    [41] fg=Some(Reset) bg=Some(Reset) mod=DIM "│"
    [42] fg=Some(Yellow) bg=Some(Reset) mod=NONE "│"
    [109] fg=Some(Yellow) bg=Some(Reset) mod=NONE "│"
│                                        ││                                                                  │
    [0] fg=Some(Reset) bg=Some(Reset) mod=DIM "│"
    [41] fg=Some(Reset) bg=Some(Reset) mod=DIM "│"
    [42] fg=Some(Yellow) bg=Some(Reset) mod=NONE "│"
    [109] fg=Some(Yellow) bg=Some(Reset) mod=NONE "│"
└ 1 of 3 ────────────────────────────────┘│                                                                  │
    [0] fg=Some(Reset) bg=Some(Reset) mod=DIM "└ 1 of 3 ────────────────────────────────┘"
    [42] fg=Some(Yellow) bg=Some(Reset) mod=NONE "│"
    [109] fg=Some(Yellow) bg=Some(Reset) mod=NONE "│"
┌Teams───────────────────────────────────┐│                                                                  │
    [0] fg=Some(Reset) bg=Some(Reset) mod=DIM "┌Teams───────────────────────────────────┐"
    [42] fg=Some(Yellow) bg=Some(Reset) mod=NONE "│"
    [109] fg=Some(Yellow) bg=Some(Reset) mod=NONE "│"
│⠋  Loading…                             ││                                                                  │
    [0] fg=Some(Reset) bg=Some(Reset) mod=DIM "│⠋  Loading…"
    [41] fg=Some(Reset) bg=Some(Reset) mod=DIM "│"
    [42] fg=Some(Yellow) bg=Some(Reset) mod=NONE "│"
    [109] fg=Some(Yellow) bg=Some(Reset) mod=NONE "│"
└────────────────────────────────────────┘└──────────────────────────────────────────────────────────────────┘
    [0] fg=Some(Reset) bg=Some(Reset) mod=DIM "└────────────────────────────────────────┘"
    [42] fg=Some(Yellow) bg=Some(Reset) mod=NONE "└──────────────────────────────────────────────────────────────────┘"
 j move   enter open   e edit   v display   z zoom   esc back   q quit                    Dan's Donuts · @dan
    [0] fg=Some(Reset) bg=Some(Reset) mod=DIM " j move   enter open   e edit   v display   z zoom   esc back   q quit"
    [90] fg=Some(Cyan) bg=Some(Reset) mod=NONE "Dan's Donuts · @dan "
