---
source: tests/render.rs
expression: "render_to_string(&mut app, 110, 12)"
---
┌Assigned to me · In Progress · Inbox────┐┌Notification──────────────────────────────────────────────────────┐
│● New comment on DAN2-7 (wood-fired oven││New comment on DAN2-7 (wood-fired oven)                           │
│● You were assigned DAN-10 (sprinkle dis││unread                                                            │
│  DAN2-5 moved to Backlog (pineapple deb││                                                                  │
└ 1 of 3 ────────────────────────────────┘│Press enter to open the linked issue                              │
┌Saved Views─────────────────────────────┐│                                                                  │
└ 1 of 4 ────────────────────────────────┘│                                                                  │
┌Recently viewed─────────────────────────┐│                                                                  │
└ 1 of 3 ────────────────────────────────┘│                                                                  │
┌Teams───────────────────────────────────┐│                                                                  │
└ 1 of 2 ────────────────────────────────┘└──────────────────────────────────────────────────────────────────┘
 j move   ] view   tab panel   1-9 jump   enter open   o browser   y yank   q quit        Dan's Donuts · @dan
