---
source: tests/render.rs
expression: "render_to_string(&mut app, 84, 16)"
---
┌Assigned to me 1/3────────────┐┌Preview───────────────────────────────────────────┐
│No issues in this view        ││No issue selected                                 │
│                              ││                                                  │
│                              ││                                                  │
└──────────────────────────────┘│                                                  │
┌Recently viewed───────────────┐│                                                  │
│Issues you open ┌Issue id or URL─────────────────────────────────┐                │
└────────────────│ DAN2-7                                         │                │
┌Saved Views─────└────────────────────────────────────────────────┘                │
│Loading…                      ││                                                  │
└──────────────────────────────┘│                                                  │
┌Teams─────────────────────────┐│                                                  │
│Dan's Pizza                   ││                                                  │
│Dan's Donuts                  ││                                                  │
└ 1 of 2 ──────────────────────┘└──────────────────────────────────────────────────┘
 ←/→ move   enter go   esc cancel                                       connecting…
