---
source: tests/monochrome.rs
expression: frame
---
┌Assigned to me · In Progress · Inbox────┐┌DAN2-7────────────────────────────────────────────────────────────┐
    [0] fg=Some(Reset) bg=Some(Reset) mod=NONE "┌"
    [1] fg=Some(Reset) bg=Some(Reset) mod=BOLD "Assigned to me"
    [15] fg=Some(Reset) bg=Some(Reset) mod=DIM " · In Progress · Inbox"
    [37] fg=Some(Reset) bg=Some(Reset) mod=NONE "────┐"
    [42] fg=Some(Reset) bg=Some(Reset) mod=DIM "┌DAN2-7────────────────────────────────────────────────────────────┐"
│!!! DAN2-7 In Progress Wood-fired oven r││DAN2-7  In Progress  Urgent                                       │
    [0] fg=Some(Reset) bg=Some(Reset) mod=NONE "│"
    [1] fg=Some(Reset) bg=Some(Reset) mod=BOLD | REVERSED "!!! DAN2-7 In Progress Wood-fired oven r"
    [41] fg=Some(Reset) bg=Some(Reset) mod=NONE "│"
    [42] fg=Some(Reset) bg=Some(Reset) mod=DIM "│DAN2-7"
    [49] fg=Some(Reset) bg=Some(Reset) mod=NONE "  In Progress  Urgent                                       "
    [109] fg=Some(Reset) bg=Some(Reset) mod=DIM "│"
│!!! DAN-10 In Progress Sprinkle dispense││Wood-fired oven runs 40°C too hot on Friday nights                │
    [0] fg=Some(Reset) bg=Some(Reset) mod=NONE "│!!! "
    [5] fg=Some(Reset) bg=Some(Reset) mod=DIM "DAN-10"
    [11] fg=Some(Reset) bg=Some(Reset) mod=NONE " In Progress Sprinkle dispense│"
    [42] fg=Some(Reset) bg=Some(Reset) mod=DIM "│"
    [43] fg=Some(Reset) bg=Some(Reset) mod=BOLD "Wood-fired oven runs 40°C too hot on Friday nights"
    [109] fg=Some(Reset) bg=Some(Reset) mod=DIM "│"
│!!  DAN2-2 In Progress Delivery driver G││@dan  oven                                                        │
    [0] fg=Some(Reset) bg=Some(Reset) mod=NONE "│!!  "
    [5] fg=Some(Reset) bg=Some(Reset) mod=DIM "DAN2-2"
    [11] fg=Some(Reset) bg=Some(Reset) mod=NONE " In Progress Delivery driver G│"
    [42] fg=Some(Reset) bg=Some(Reset) mod=DIM "│"
    [43] fg=Some(Reset) bg=Some(Reset) mod=NONE "@dan  oven                                                        "
    [109] fg=Some(Reset) bg=Some(Reset) mod=DIM "│"
│!!! DAN2-3 Todo Add gluten-free base opt││https://linear.app/dans-donuts/issue/DAN2-7                       │
    [0] fg=Some(Reset) bg=Some(Reset) mod=NONE "│!!! "
    [5] fg=Some(Reset) bg=Some(Reset) mod=DIM "DAN2-3"
    [11] fg=Some(Reset) bg=Some(Reset) mod=NONE " Todo Add gluten-free base opt│"
    [42] fg=Some(Reset) bg=Some(Reset) mod=DIM "│https://linear.app/dans-donuts/issue/DAN2-7"
    [109] fg=Some(Reset) bg=Some(Reset) mod=DIM "│"
└ 1 of 7 ────────────────────────────────┘│                                                                  │
    [0] fg=Some(Reset) bg=Some(Reset) mod=NONE "└"
    [1] fg=Some(Reset) bg=Some(Reset) mod=DIM " 1 of 7 "
    [9] fg=Some(Reset) bg=Some(Reset) mod=NONE "────────────────────────────────┘"
    [42] fg=Some(Reset) bg=Some(Reset) mod=DIM "│"
    [109] fg=Some(Reset) bg=Some(Reset) mod=DIM "│"
┌Recently viewed─────────────────────────┐│Press enter to load the description and comments                  │
    [0] fg=Some(Reset) bg=Some(Reset) mod=DIM "┌Recently viewed─────────────────────────┐│Press enter to load the description and comments"
    [109] fg=Some(Reset) bg=Some(Reset) mod=DIM "│"
│Issues you open land here               ││                                                                  │
    [0] fg=Some(Reset) bg=Some(Reset) mod=DIM "│"
    [1] fg=Some(Reset) bg=Some(Reset) mod=NONE "Issues you open land here               "
    [41] fg=Some(Reset) bg=Some(Reset) mod=DIM "││"
    [109] fg=Some(Reset) bg=Some(Reset) mod=DIM "│"
└────────────────────────────────────────┘│                                                                  │
    [0] fg=Some(Reset) bg=Some(Reset) mod=DIM "└────────────────────────────────────────┘│"
    [109] fg=Some(Reset) bg=Some(Reset) mod=DIM "│"
┌Saved Views─────────────────────────────┐│                                                                  │
    [0] fg=Some(Reset) bg=Some(Reset) mod=DIM "┌Saved Views─────────────────────────────┐│"
    [109] fg=Some(Reset) bg=Some(Reset) mod=DIM "│"
│⠋  Loading…                             ││                                                                  │
    [0] fg=Some(Reset) bg=Some(Reset) mod=DIM "│⠋  Loading…"
    [41] fg=Some(Reset) bg=Some(Reset) mod=DIM "││"
    [109] fg=Some(Reset) bg=Some(Reset) mod=DIM "│"
└────────────────────────────────────────┘│                                                                  │
    [0] fg=Some(Reset) bg=Some(Reset) mod=DIM "└────────────────────────────────────────┘│"
    [109] fg=Some(Reset) bg=Some(Reset) mod=DIM "│"
┌Teams───────────────────────────────────┐│                                                                  │
    [0] fg=Some(Reset) bg=Some(Reset) mod=DIM "┌Teams───────────────────────────────────┐│"
    [109] fg=Some(Reset) bg=Some(Reset) mod=DIM "│"
│⠋  Loading…                             ││                                                                  │
    [0] fg=Some(Reset) bg=Some(Reset) mod=DIM "│⠋  Loading…"
    [41] fg=Some(Reset) bg=Some(Reset) mod=DIM "││"
    [109] fg=Some(Reset) bg=Some(Reset) mod=DIM "│"
└────────────────────────────────────────┘└──────────────────────────────────────────────────────────────────┘
    [0] fg=Some(Reset) bg=Some(Reset) mod=DIM "└────────────────────────────────────────┘└──────────────────────────────────────────────────────────────────┘"
 j move   ] view   tab panel   1-9 jump   enter open   o browser   y yank   / find   z z… Dan's Donuts · @dan
    [0] fg=Some(Reset) bg=Some(Reset) mod=DIM " j move   ] view   tab panel   1-9 jump   enter open   o browser   y yank   / find   z z…"
    [89] fg=Some(Reset) bg=Some(Reset) mod=NONE " Dan's Donuts · @dan "
