---
source: tests/render.rs
expression: "render_to_string(&mut app, 90, 20)"
---
┌Assigned to me 1/3──────────────┐┌DAN2-7────────────────────────────────────────────────┐
│!!! DAN2-7 In Progress Wood-fire││                                                      ↑
│!!! DAN-10 In Progress Sprinkle ││Comments (4)                                          ║
│!!  DAN2-2 In Progress Delivery ││                                                      ║
│!!! DAN2-3 Todo Add gluten-free ││dan · 11h ago                                         ║
│!!  DAN-13 Todo Introduce a mapl││  Swapped the thermocouple this morning. Readings so  ║
│!!  DAN2-5 Backlog Settle the pi││far:                                                  ║
│    DAN-15 Backlog Coffee pairin││                                                      ║
└ 1 of 7 ────────────────────────┘│  1. 6pm - 445°C                                      ║
┌Recently viewed─────────────────┐│  2. 7pm - 462°C                                      ║
│Issues you open land here       ││                                                      ║
└────────────────────────────────┘│  └ danniiee · 10h ago                                █
┌Saved Views─────────────────────┐│    Agreed, the sensor looks fine. Next suspect is the█
│No saved views                  ││flue damper.                                          █
└────────────────────────────────┘│                                                      █
┌Teams───────────────────────────┐│  └ dan · 10h ago                                     █
│Dan's Pizza                     ││    Adding the damper check to the list.              ║
│Dan's Donuts                    ││                                                      ↓
└ 1 of 2 ────────────────────────┘└──────────────────────────────────────────────────────┘
 j/k select   r reply   e edit   d delete   c comment   esc back   q… Dan's Donuts · @dan
