---
source: tests/render.rs
expression: "render_styled_to_string(&mut app, 90, 22)"
---
┌Assigned to me 1/3──────────────┐┌DAN2-7────────────────────────────────────────────────┐
    [0] fg=Some(Reset) bg=Some(Reset) mod=DIM "┌Assigned to me 1/3──────────────┐"
    [34] fg=Some(Yellow) bg=Some(Reset) mod=NONE "┌DAN2-7────────────────────────────────────────────────┐"
│!!! DAN2-7 In Progress Wood-fire││DAN2-7  In Progress                                   ↑
    [0] fg=Some(Reset) bg=Some(Reset) mod=DIM "│"
    [1] fg=Some(Red) bg=Some(Reset) mod=BOLD "!!!"
    [4] fg=Some(Reset) bg=Some(Reset) mod=BOLD " DAN2-7 "
    [12] fg=Some(Yellow) bg=Some(Reset) mod=BOLD "In Progress"
    [23] fg=Some(Reset) bg=Some(Reset) mod=BOLD " Wood-fire"
    [33] fg=Some(Reset) bg=Some(Reset) mod=DIM "│"
    [34] fg=Some(Yellow) bg=Some(Reset) mod=NONE "│"
    [35] fg=Some(Reset) bg=Some(Reset) mod=DIM "DAN2-7"
    [43] fg=Some(Yellow) bg=Some(Reset) mod=NONE "In Progress"
    [89] fg=Some(Yellow) bg=Some(Reset) mod=NONE "↑"
│!!! DAN-10 In Progress Sprinkle ││Wood-fired oven runs 40°C too hot on Friday nights    █
    [0] fg=Some(Reset) bg=Some(Reset) mod=DIM "│"
    [1] fg=Some(Red) bg=Some(Reset) mod=NONE "!!!"
    [5] fg=Some(Reset) bg=Some(Reset) mod=DIM "DAN-10"
    [12] fg=Some(Yellow) bg=Some(Reset) mod=NONE "In Progress"
    [23] fg=Some(Reset) bg=Some(Reset) mod=NONE " Sprinkle "
    [33] fg=Some(Reset) bg=Some(Reset) mod=DIM "│"
    [34] fg=Some(Yellow) bg=Some(Reset) mod=NONE "│"
    [35] fg=Some(Reset) bg=Some(Reset) mod=BOLD "Wood-fired oven runs 40°C too hot on Friday nights"
    [89] fg=Some(Yellow) bg=Some(Reset) mod=NONE "█"
│!!  DAN2-2 In Progress Delivery ││@dan  oven                                            █
    [0] fg=Some(Reset) bg=Some(Reset) mod=DIM "│"
    [1] fg=Some(LightRed) bg=Some(Reset) mod=NONE "!! "
    [5] fg=Some(Reset) bg=Some(Reset) mod=DIM "DAN2-2"
    [12] fg=Some(Yellow) bg=Some(Reset) mod=NONE "In Progress"
    [23] fg=Some(Reset) bg=Some(Reset) mod=NONE " Delivery "
    [33] fg=Some(Reset) bg=Some(Reset) mod=DIM "│"
    [34] fg=Some(Yellow) bg=Some(Reset) mod=NONE "│"
    [35] fg=Some(Blue) bg=Some(Reset) mod=NONE "@dan"
    [40] fg=Some(Rgb(0, 0, 0)) bg=Some(Rgb(235, 87, 87)) mod=NONE " oven "
    [89] fg=Some(Yellow) bg=Some(Reset) mod=NONE "█"
│!!! DAN2-3 Todo Add gluten-free ││https://linear.app/dans-donuts/issue/DAN2-7/wood-fired█
    [0] fg=Some(Reset) bg=Some(Reset) mod=DIM "│"
    [1] fg=Some(Red) bg=Some(Reset) mod=NONE "!!!"
    [5] fg=Some(Reset) bg=Some(Reset) mod=DIM "DAN2-3"
    [11] fg=Some(Reset) bg=Some(Reset) mod=NONE " Todo Add gluten-free "
    [33] fg=Some(Reset) bg=Some(Reset) mod=DIM "│"
    [34] fg=Some(Yellow) bg=Some(Reset) mod=NONE "│"
    [35] fg=Some(Reset) bg=Some(Reset) mod=DIM "https://linear.app/dans-donuts/issue/DAN2-7/wood-fired"
    [89] fg=Some(Yellow) bg=Some(Reset) mod=NONE "█"
│!!  DAN-13 Todo Introduce a mapl││-oven-runs-too-hot                                    █
    [0] fg=Some(Reset) bg=Some(Reset) mod=DIM "│"
    [1] fg=Some(LightRed) bg=Some(Reset) mod=NONE "!! "
    [5] fg=Some(Reset) bg=Some(Reset) mod=DIM "DAN-13"
    [11] fg=Some(Reset) bg=Some(Reset) mod=NONE " Todo Introduce a mapl"
    [33] fg=Some(Reset) bg=Some(Reset) mod=DIM "│"
    [34] fg=Some(Yellow) bg=Some(Reset) mod=NONE "│"
    [35] fg=Some(Reset) bg=Some(Reset) mod=DIM "-oven-runs-too-hot"
    [89] fg=Some(Yellow) bg=Some(Reset) mod=NONE "█"
│!!  DAN2-5 Backlog Settle the pi││                                                      █
    [0] fg=Some(Reset) bg=Some(Reset) mod=DIM "│"
    [1] fg=Some(LightRed) bg=Some(Reset) mod=NONE "!! "
    [5] fg=Some(Reset) bg=Some(Reset) mod=DIM "DAN2-5"
    [12] fg=Some(Reset) bg=Some(Reset) mod=DIM "Backlog"
    [19] fg=Some(Reset) bg=Some(Reset) mod=NONE " Settle the pi"
    [33] fg=Some(Reset) bg=Some(Reset) mod=DIM "│"
    [34] fg=Some(Yellow) bg=Some(Reset) mod=NONE "│"
    [89] fg=Some(Yellow) bg=Some(Reset) mod=NONE "█"
│    DAN-15 Backlog Coffee pairin││Symptoms                                              █
    [0] fg=Some(Reset) bg=Some(Reset) mod=DIM "│   "
    [5] fg=Some(Reset) bg=Some(Reset) mod=DIM "DAN-15"
    [12] fg=Some(Reset) bg=Some(Reset) mod=DIM "Backlog"
    [19] fg=Some(Reset) bg=Some(Reset) mod=NONE " Coffee pairin"
    [33] fg=Some(Reset) bg=Some(Reset) mod=DIM "│"
    [34] fg=Some(Yellow) bg=Some(Reset) mod=NONE "│"
    [35] fg=Some(Cyan) bg=Some(Reset) mod=BOLD "Symptoms"
    [89] fg=Some(Yellow) bg=Some(Reset) mod=NONE "█"
│                                ││                                                      ║
    [0] fg=Some(Reset) bg=Some(Reset) mod=DIM "│"
    [33] fg=Some(Reset) bg=Some(Reset) mod=DIM "│"
    [34] fg=Some(Yellow) bg=Some(Reset) mod=NONE "│"
    [89] fg=Some(Yellow) bg=Some(Reset) mod=NONE "║"
│                  ┌React─────────────────────────────────────────────┐n creeps past     ║
    [0] fg=Some(Reset) bg=Some(Reset) mod=DIM "│"
    [19] fg=Some(Yellow) bg=Some(Reset) mod=NONE "┌React─────────────────────────────────────────────┐"
    [71] fg=Some(Reset) bg=Some(Reset) mod=NONE "n creeps past     "
    [89] fg=Some(Yellow) bg=Some(Reset) mod=NONE "║"
│                  │Current: 👀  1 🚀  1                                │eese melts.       ║
    [0] fg=Some(Reset) bg=Some(Reset) mod=DIM "│"
    [19] fg=Some(Yellow) bg=Some(Reset) mod=NONE "│"
    [20] fg=Some(Reset) bg=Some(Reset) mod=DIM "Current:"
    [29] fg=Some(Yellow) bg=Some(Reset) mod=BOLD "👀"
    [31] fg=Some(Yellow) bg=Some(Reset) mod=BOLD " 1"
    [33] fg=Some(Reset) bg=Some(Reset) mod=NONE " 🚀  1                                "
    [70] fg=Some(Yellow) bg=Some(Reset) mod=NONE "│"
    [71] fg=Some(Reset) bg=Some(Reset) mod=NONE "eese melts.       "
    [89] fg=Some(Yellow) bg=Some(Reset) mod=NONE "║"
└ 1 of 7 ──────────│Add:     👍    ❤️    🎉    😄    😕    👎               │                  ║
    [0] fg=Some(Reset) bg=Some(Reset) mod=DIM "└ 1 of 7 ──────────"
    [19] fg=Some(Yellow) bg=Some(Reset) mod=NONE "│"
    [20] fg=Some(Reset) bg=Some(Reset) mod=DIM "Add:"
    [29] fg=Some(Reset) bg=Some(Reset) mod=REVERSED "👍"
    [30] fg=Some(Reset) bg=Some(Reset) mod=NONE "    ❤\u{fe0f}    🎉    😄    😕    👎               "
    [70] fg=Some(Yellow) bg=Some(Reset) mod=NONE "│"
    [89] fg=Some(Yellow) bg=Some(Reset) mod=NONE "║"
┌Recently viewed───│h/l move · j/k row · enter toggle · c custom · esc│                  ║
    [0] fg=Some(Reset) bg=Some(Reset) mod=DIM "┌Recently viewed───"
    [19] fg=Some(Yellow) bg=Some(Reset) mod=NONE "│"
    [20] fg=Some(Reset) bg=Some(Reset) mod=DIM "h/l move · j/k row · enter toggle · c custom · esc"
    [70] fg=Some(Yellow) bg=Some(Reset) mod=NONE "│"
    [89] fg=Some(Yellow) bg=Some(Reset) mod=NONE "║"
│Issues you open la└──────────────────────────────────────────────────┘                  ║
    [0] fg=Some(Reset) bg=Some(Reset) mod=DIM "│"
    [1] fg=Some(Reset) bg=Some(Reset) mod=NONE "Issues you open la"
    [19] fg=Some(Yellow) bg=Some(Reset) mod=NONE "└──────────────────────────────────────────────────┘"
    [89] fg=Some(Yellow) bg=Some(Reset) mod=NONE "║"
└────────────────────────────────┘│• Suspect the flue damper is sticking open            ║
    [0] fg=Some(Reset) bg=Some(Reset) mod=DIM "└────────────────────────────────┘"
    [34] fg=Some(Yellow) bg=Some(Reset) mod=NONE "│"
    [35] fg=Some(Blue) bg=Some(Reset) mod=NONE "• "
    [37] fg=Some(Reset) bg=Some(Reset) mod=NONE "Suspect the flue damper is sticking open            "
    [89] fg=Some(Yellow) bg=Some(Reset) mod=NONE "║"
┌Saved Views─────────────────────┐│                                                      ║
    [0] fg=Some(Reset) bg=Some(Reset) mod=DIM "┌Saved Views─────────────────────┐"
    [34] fg=Some(Yellow) bg=Some(Reset) mod=NONE "│"
    [89] fg=Some(Yellow) bg=Some(Reset) mod=NONE "║"
│⠋  Loading…                     ││Checklist                                             ║
    [0] fg=Some(Reset) bg=Some(Reset) mod=DIM "│⠋  Loading…"
    [33] fg=Some(Reset) bg=Some(Reset) mod=DIM "│"
    [34] fg=Some(Yellow) bg=Some(Reset) mod=NONE "│"
    [35] fg=Some(Blue) bg=Some(Reset) mod=BOLD "Checklist"
    [89] fg=Some(Yellow) bg=Some(Reset) mod=NONE "║"
└────────────────────────────────┘│                                                      ║
    [0] fg=Some(Reset) bg=Some(Reset) mod=DIM "└────────────────────────────────┘"
    [34] fg=Some(Yellow) bg=Some(Reset) mod=NONE "│"
    [89] fg=Some(Yellow) bg=Some(Reset) mod=NONE "║"
┌Teams───────────────────────────┐│[x] Swap the thermocouple                             ║
    [0] fg=Some(Reset) bg=Some(Reset) mod=DIM "┌Teams───────────────────────────┐"
    [34] fg=Some(Yellow) bg=Some(Reset) mod=NONE "│"
    [35] fg=Some(Green) bg=Some(Reset) mod=NONE "[x] "
    [39] fg=Some(Reset) bg=Some(Reset) mod=NONE "Swap the thermocouple                             "
    [89] fg=Some(Yellow) bg=Some(Reset) mod=NONE "║"
│⠋  Loading…                     ││[ ] Inspect the flue damper                           ↓
    [0] fg=Some(Reset) bg=Some(Reset) mod=DIM "│⠋  Loading…"
    [33] fg=Some(Reset) bg=Some(Reset) mod=DIM "│"
    [34] fg=Some(Yellow) bg=Some(Reset) mod=NONE "│"
    [35] fg=Some(Reset) bg=Some(Reset) mod=DIM "[ ] "
    [39] fg=Some(Reset) bg=Some(Reset) mod=NONE "Inspect the flue damper                           "
    [89] fg=Some(Yellow) bg=Some(Reset) mod=NONE "↓"
└────────────────────────────────┘└──────────────────────────────────────────────────────┘
    [0] fg=Some(Reset) bg=Some(Reset) mod=DIM "└────────────────────────────────┘"
    [34] fg=Some(Yellow) bg=Some(Reset) mod=NONE "└──────────────────────────────────────────────────────┘"
 h/l move   j/k row   enter toggle   c custom   esc cancel            Dan's Donuts · @dan
    [0] fg=Some(Reset) bg=Some(Reset) mod=DIM " h/l move   j/k row   enter toggle   c custom   esc cancel"
    [70] fg=Some(Cyan) bg=Some(Reset) mod=NONE "Dan's Donuts · @dan "
