---
source: tests/render.rs
expression: "render_styled_to_string(&mut app, 100, 20)"
---
┌Assigned to me · In Progress · Inbox┐┌DAN2-7──────────────────────────────────────────────────────┐
    [0] fg=Some(Gray) bg=Some(Reset) mod=NONE "┌"
    [1] fg=Some(White) bg=Some(Reset) mod=BOLD "Assigned to me"
    [15] fg=Some(DarkGray) bg=Some(Reset) mod=NONE " · In Progress · Inbox"
    [37] fg=Some(Gray) bg=Some(Reset) mod=NONE "┐"
    [38] fg=Some(Yellow) bg=Some(Reset) mod=NONE "┌DAN2-7──────────────────────────────────────────────────────┐"
│!!! DAN2-7 In Progress Wood-fired ov││DAN2-7  In Progress                                         ↑
    [0] fg=Some(Gray) bg=Some(Reset) mod=NONE "│"
    [1] fg=Some(Red) bg=Some(Rgb(45, 45, 48)) mod=NONE "!!!"
    [4] fg=Some(Reset) bg=Some(Rgb(45, 45, 48)) mod=NONE " "
    [5] fg=Some(DarkGray) bg=Some(Rgb(45, 45, 48)) mod=NONE "DAN2-7"
    [11] fg=Some(Reset) bg=Some(Rgb(45, 45, 48)) mod=NONE " "
    [12] fg=Some(Yellow) bg=Some(Rgb(45, 45, 48)) mod=NONE "In Progress"
    [23] fg=Some(Reset) bg=Some(Rgb(45, 45, 48)) mod=NONE " "
    [24] fg=Some(White) bg=Some(Rgb(45, 45, 48)) mod=NONE "Wood-fired ov"
    [37] fg=Some(Gray) bg=Some(Reset) mod=NONE "│"
    [38] fg=Some(Yellow) bg=Some(Reset) mod=NONE "│"
    [39] fg=Some(DarkGray) bg=Some(Reset) mod=NONE "DAN2-7"
    [47] fg=Some(Yellow) bg=Some(Reset) mod=NONE "In Progress"
    [99] fg=Some(Yellow) bg=Some(Reset) mod=NONE "↑"
│!!! DAN-10 In Progress Sprinkle disp││Wood-fired oven runs 40°C too hot on Friday nights          █
    [0] fg=Some(Gray) bg=Some(Reset) mod=NONE "│"
    [1] fg=Some(Red) bg=Some(Reset) mod=NONE "!!!"
    [5] fg=Some(DarkGray) bg=Some(Reset) mod=NONE "DAN-10"
    [12] fg=Some(Yellow) bg=Some(Reset) mod=NONE "In Progress"
    [24] fg=Some(White) bg=Some(Reset) mod=NONE "Sprinkle disp"
    [37] fg=Some(Gray) bg=Some(Reset) mod=NONE "│"
    [38] fg=Some(Yellow) bg=Some(Reset) mod=NONE "│"
    [39] fg=Some(White) bg=Some(Reset) mod=BOLD "Wood-fired oven runs 40°C too hot on Friday nights"
    [99] fg=Some(Yellow) bg=Some(Reset) mod=NONE "█"
│!!  DAN2-2 In Progress Delivery driv││@dan  oven                                                  █
    [0] fg=Some(Gray) bg=Some(Reset) mod=NONE "│"
    [1] fg=Some(LightRed) bg=Some(Reset) mod=NONE "!! "
    [5] fg=Some(DarkGray) bg=Some(Reset) mod=NONE "DAN2-2"
    [12] fg=Some(Yellow) bg=Some(Reset) mod=NONE "In Progress"
    [24] fg=Some(White) bg=Some(Reset) mod=NONE "Delivery driv"
    [37] fg=Some(Gray) bg=Some(Reset) mod=NONE "│"
    [38] fg=Some(Yellow) bg=Some(Reset) mod=NONE "│"
    [39] fg=Some(Blue) bg=Some(Reset) mod=NONE "@dan"
    [44] fg=Some(Black) bg=Some(Rgb(235, 87, 87)) mod=NONE " oven "
    [99] fg=Some(Yellow) bg=Some(Reset) mod=NONE "█"
│!!! DAN2-3 Todo Add gluten-free base││https://linear.app/dans-donuts/issue/DAN2-7/wood-fired-oven-█
    [0] fg=Some(Gray) bg=Some(Reset) mod=NONE "│"
    [1] fg=Some(Red) bg=Some(Reset) mod=NONE "!!!"
    [5] fg=Some(DarkGray) bg=Some(Reset) mod=NONE "DAN2-3"
    [12] fg=Some(Gray) bg=Some(Reset) mod=NONE "Todo"
    [17] fg=Some(White) bg=Some(Reset) mod=NONE "Add gluten-free base"
    [37] fg=Some(Gray) bg=Some(Reset) mod=NONE "│"
    [38] fg=Some(Yellow) bg=Some(Reset) mod=NONE "│"
    [39] fg=Some(DarkGray) bg=Some(Reset) mod=NONE "https://linear.app/dans-donuts/issue/DAN2-7/wood-fired-oven-"
    [99] fg=Some(Yellow) bg=Some(Reset) mod=NONE "█"
│!!  DAN-13 Todo Introduce a┌Set status  DAN2-7────────────────────────┐                           █
    [0] fg=Some(Gray) bg=Some(Reset) mod=NONE "│"
    [1] fg=Some(LightRed) bg=Some(Reset) mod=NONE "!! "
    [5] fg=Some(DarkGray) bg=Some(Reset) mod=NONE "DAN-13"
    [12] fg=Some(Gray) bg=Some(Reset) mod=NONE "Todo"
    [17] fg=Some(White) bg=Some(Reset) mod=NONE "Introduce a"
    [28] fg=Some(Yellow) bg=Some(Reset) mod=NONE "┌Set status  DAN2-7────────────────────────┐"
    [99] fg=Some(Yellow) bg=Some(Reset) mod=NONE "█"
│!!  DAN2-5 Backlog Settle t│Backlog  backlog                          │                           █
    [0] fg=Some(Gray) bg=Some(Reset) mod=NONE "│"
    [1] fg=Some(LightRed) bg=Some(Reset) mod=NONE "!! "
    [5] fg=Some(DarkGray) bg=Some(Reset) mod=NONE "DAN2-5"
    [12] fg=Some(DarkGray) bg=Some(Reset) mod=NONE "Backlog"
    [20] fg=Some(White) bg=Some(Reset) mod=NONE "Settle t"
    [28] fg=Some(Yellow) bg=Some(Reset) mod=NONE "│"
    [29] fg=Some(White) bg=Some(DarkGray) mod=NONE "Backlog  backlog                          "
    [71] fg=Some(Yellow) bg=Some(Reset) mod=NONE "│"
    [99] fg=Some(Yellow) bg=Some(Reset) mod=NONE "█"
│    DAN-15 Backlog Coffee p│Todo  unstarted                           │                           ║
    [0] fg=Some(Gray) bg=Some(Reset) mod=NONE "│"
    [1] fg=Some(DarkGray) bg=Some(Reset) mod=NONE "   "
    [5] fg=Some(DarkGray) bg=Some(Reset) mod=NONE "DAN-15"
    [12] fg=Some(DarkGray) bg=Some(Reset) mod=NONE "Backlog"
    [20] fg=Some(White) bg=Some(Reset) mod=NONE "Coffee p"
    [28] fg=Some(Yellow) bg=Some(Reset) mod=NONE "│"
    [29] fg=Some(White) bg=Some(Reset) mod=NONE "Todo"
    [35] fg=Some(DarkGray) bg=Some(Reset) mod=NONE "unstarted"
    [71] fg=Some(Yellow) bg=Some(Reset) mod=NONE "│"
    [99] fg=Some(Yellow) bg=Some(Reset) mod=NONE "║"
└ 1 of 7 ───────────────────│In Progress  started                      │                           ║
    [0] fg=Some(Gray) bg=Some(Reset) mod=NONE "└"
    [1] fg=Some(DarkGray) bg=Some(Reset) mod=NONE " 1 of 7 "
    [9] fg=Some(Gray) bg=Some(Reset) mod=NONE "───────────────────"
    [28] fg=Some(Yellow) bg=Some(Reset) mod=NONE "│"
    [29] fg=Some(White) bg=Some(Reset) mod=NONE "In Progress"
    [42] fg=Some(DarkGray) bg=Some(Reset) mod=NONE "started"
    [71] fg=Some(Yellow) bg=Some(Reset) mod=NONE "│"
    [99] fg=Some(Yellow) bg=Some(Reset) mod=NONE "║"
┌Recently viewed────────────│Done  completed                           │oven creeps past 480°C and ║
    [0] fg=Some(Gray) bg=Some(Reset) mod=NONE "┌Recently viewed────────────"
    [28] fg=Some(Yellow) bg=Some(Reset) mod=NONE "│"
    [29] fg=Some(White) bg=Some(Reset) mod=NONE "Done"
    [35] fg=Some(DarkGray) bg=Some(Reset) mod=NONE "completed"
    [71] fg=Some(Yellow) bg=Some(Reset) mod=NONE "│"
    [72] fg=Some(Reset) bg=Some(Reset) mod=NONE "oven creeps past "
    [89] fg=Some(Reset) bg=Some(Reset) mod=BOLD "480°C"
    [94] fg=Some(Reset) bg=Some(Reset) mod=NONE " and "
    [99] fg=Some(Yellow) bg=Some(Reset) mod=NONE "║"
│Issues you open land here  │Cancelled  canceled                       │lts.                       ║
    [0] fg=Some(Gray) bg=Some(Reset) mod=NONE "│"
    [1] fg=Some(Reset) bg=Some(Reset) mod=NONE "Issues you open land here  "
    [28] fg=Some(Yellow) bg=Some(Reset) mod=NONE "│"
    [29] fg=Some(White) bg=Some(Reset) mod=NONE "Cancelled"
    [40] fg=Some(DarkGray) bg=Some(Reset) mod=NONE "canceled"
    [71] fg=Some(Yellow) bg=Some(Reset) mod=NONE "│"
    [72] fg=Some(Reset) bg=Some(Reset) mod=NONE "lts.                       "
    [99] fg=Some(Yellow) bg=Some(Reset) mod=NONE "║"
└───────────────────────────│                                          │                           ║
    [0] fg=Some(Gray) bg=Some(Reset) mod=NONE "└───────────────────────────"
    [28] fg=Some(Yellow) bg=Some(Reset) mod=NONE "│"
    [71] fg=Some(Yellow) bg=Some(Reset) mod=NONE "│"
    [99] fg=Some(Yellow) bg=Some(Reset) mod=NONE "║"
┌Saved Views────────────────│                                          │                           ║
    [0] fg=Some(Gray) bg=Some(Reset) mod=NONE "┌Saved Views────────────────"
    [28] fg=Some(Yellow) bg=Some(Reset) mod=NONE "│"
    [71] fg=Some(Yellow) bg=Some(Reset) mod=NONE "│"
    [99] fg=Some(Yellow) bg=Some(Reset) mod=NONE "║"
│⠋  Loading…                │                                          │                           ║
    [0] fg=Some(Gray) bg=Some(Reset) mod=NONE "│"
    [1] fg=Some(DarkGray) bg=Some(Reset) mod=NONE "⠋  Loading…"
    [28] fg=Some(Yellow) bg=Some(Reset) mod=NONE "│"
    [71] fg=Some(Yellow) bg=Some(Reset) mod=NONE "│"
    [99] fg=Some(Yellow) bg=Some(Reset) mod=NONE "║"
└───────────────────────────│                                          │king open                  ║
    [0] fg=Some(Gray) bg=Some(Reset) mod=NONE "└───────────────────────────"
    [28] fg=Some(Yellow) bg=Some(Reset) mod=NONE "│"
    [71] fg=Some(Yellow) bg=Some(Reset) mod=NONE "│"
    [72] fg=Some(Reset) bg=Some(Reset) mod=NONE "king open                  "
    [99] fg=Some(Yellow) bg=Some(Reset) mod=NONE "║"
┌Teams──────────────────────└ 1 of 5 ──────────────────────────────────┘                           ║
    [0] fg=Some(Gray) bg=Some(Reset) mod=NONE "┌Teams──────────────────────"
    [28] fg=Some(Yellow) bg=Some(Reset) mod=NONE "└"
    [29] fg=Some(DarkGray) bg=Some(Reset) mod=NONE " 1 of 5 "
    [37] fg=Some(Yellow) bg=Some(Reset) mod=NONE "──────────────────────────────────┘"
    [99] fg=Some(Yellow) bg=Some(Reset) mod=NONE "║"
│Dan's Pizza                         ││Checklist                                                   ║
    [0] fg=Some(Gray) bg=Some(Reset) mod=NONE "│"
    [1] fg=Some(Reset) bg=Some(Rgb(45, 45, 48)) mod=NONE "Dan's Pizza                         "
    [37] fg=Some(Gray) bg=Some(Reset) mod=NONE "│"
    [38] fg=Some(Yellow) bg=Some(Reset) mod=NONE "│"
    [39] fg=Some(Rgb(129, 161, 193)) bg=Some(Reset) mod=BOLD "Checklist"
    [99] fg=Some(Yellow) bg=Some(Reset) mod=NONE "║"
│Dan's Donuts                        ││                                                            ↓
    [0] fg=Some(Gray) bg=Some(Reset) mod=NONE "│"
    [1] fg=Some(Reset) bg=Some(Reset) mod=NONE "Dan's Donuts                        "
    [37] fg=Some(Gray) bg=Some(Reset) mod=NONE "│"
    [38] fg=Some(Yellow) bg=Some(Reset) mod=NONE "│"
    [99] fg=Some(Yellow) bg=Some(Reset) mod=NONE "↓"
└ 1 of 2 ────────────────────────────┘└────────────────────────────────────────────────────────────┘
    [0] fg=Some(Gray) bg=Some(Reset) mod=NONE "└"
    [1] fg=Some(DarkGray) bg=Some(Reset) mod=NONE " 1 of 2 "
    [9] fg=Some(Gray) bg=Some(Reset) mod=NONE "────────────────────────────┘"
    [38] fg=Some(Yellow) bg=Some(Reset) mod=NONE "└────────────────────────────────────────────────────────────┘"
 j move   enter select   esc cancel                                             Dan's Donuts · @dan
    [0] fg=Some(DarkGray) bg=Some(Reset) mod=NONE " j move   enter select   esc cancel"
    [80] fg=Some(Cyan) bg=Some(Reset) mod=NONE "Dan's Donuts · @dan "
