---
source: tests/render.rs
expression: "render_styled_to_string(&mut app, 110, 26)"
---
┌Assigned to me · In Progress · Inbox────┐┌DAN2-7────────────────────────────────────────────────────────────┐
    [0] fg=Some(Gray) bg=Some(Reset) mod=NONE "┌"
    [1] fg=Some(White) bg=Some(Reset) mod=BOLD "Assigned to me"
    [15] fg=Some(DarkGray) bg=Some(Reset) mod=NONE " · In Progress · Inbox"
    [37] fg=Some(Gray) bg=Some(Reset) mod=NONE "────┐"
    [42] fg=Some(Yellow) bg=Some(Reset) mod=NONE "┌DAN2-7────────────────────────────────────────────────────────────┐"
│!!! DAN2-7 In Progress Wood-fired oven r││DAN2-7  In Progress                                               ↑
    [0] fg=Some(Gray) bg=Some(Reset) mod=NONE "│"
    [1] fg=Some(Red) bg=Some(Rgb(45, 45, 48)) mod=NONE "!!!"
    [4] fg=Some(Reset) bg=Some(Rgb(45, 45, 48)) mod=NONE " "
    [5] fg=Some(DarkGray) bg=Some(Rgb(45, 45, 48)) mod=NONE "DAN2-7"
    [11] fg=Some(Reset) bg=Some(Rgb(45, 45, 48)) mod=NONE " "
    [12] fg=Some(Yellow) bg=Some(Rgb(45, 45, 48)) mod=NONE "In Progress"
    [23] fg=Some(Reset) bg=Some(Rgb(45, 45, 48)) mod=NONE " "
    [24] fg=Some(White) bg=Some(Rgb(45, 45, 48)) mod=NONE "Wood-fired oven r"
    [41] fg=Some(Gray) bg=Some(Reset) mod=NONE "│"
    [42] fg=Some(Yellow) bg=Some(Reset) mod=NONE "│"
    [43] fg=Some(DarkGray) bg=Some(Reset) mod=NONE "DAN2-7"
    [51] fg=Some(Yellow) bg=Some(Reset) mod=NONE "In Progress"
    [109] fg=Some(Yellow) bg=Some(Reset) mod=NONE "↑"
│!!! DAN-10 In Progress Sprinkle dispense││Wood-fired oven runs 40°C too hot on Friday nights                █
    [0] fg=Some(Gray) bg=Some(Reset) mod=NONE "│"
    [1] fg=Some(Red) bg=Some(Reset) mod=NONE "!!!"
    [5] fg=Some(DarkGray) bg=Some(Reset) mod=NONE "DAN-10"
    [12] fg=Some(Yellow) bg=Some(Reset) mod=NONE "In Progress"
    [24] fg=Some(White) bg=Some(Reset) mod=NONE "Sprinkle dispense"
    [41] fg=Some(Gray) bg=Some(Reset) mod=NONE "│"
    [42] fg=Some(Yellow) bg=Some(Reset) mod=NONE "│"
    [43] fg=Some(White) bg=Some(Reset) mod=BOLD "Wood-fired oven runs 40°C too hot on Friday nights"
    [109] fg=Some(Yellow) bg=Some(Reset) mod=NONE "█"
│!!  DAN2-2 In Progress Delivery driver G││@dan  oven                                                        █
    [0] fg=Some(Gray) bg=Some(Reset) mod=NONE "│"
    [1] fg=Some(LightRed) bg=Some(Reset) mod=NONE "!! "
    [5] fg=Some(DarkGray) bg=Some(Reset) mod=NONE "DAN2-2"
    [12] fg=Some(Yellow) bg=Some(Reset) mod=NONE "In Progress"
    [24] fg=Some(White) bg=Some(Reset) mod=NONE "Delivery driver G"
    [41] fg=Some(Gray) bg=Some(Reset) mod=NONE "│"
    [42] fg=Some(Yellow) bg=Some(Reset) mod=NONE "│"
    [43] fg=Some(Blue) bg=Some(Reset) mod=NONE "@dan"
    [48] fg=Some(Black) bg=Some(Rgb(235, 87, 87)) mod=NONE " oven "
    [109] fg=Some(Yellow) bg=Some(Reset) mod=NONE "█"
│!!! DAN2-3 Todo Add gluten-free base opt││https://linear.app/dans-donuts/issue/DAN2-7/wood-fired-oven-runs-t█
    [0] fg=Some(Gray) bg=Some(Reset) mod=NONE "│"
    [1] fg=Some(Red) bg=Some(Reset) mod=NONE "!!!"
    [5] fg=Some(DarkGray) bg=Some(Reset) mod=NONE "DAN2-3"
    [12] fg=Some(Gray) bg=Some(Reset) mod=NONE "Todo"
    [17] fg=Some(White) bg=Some(Reset) mod=NONE "Add gluten-free base opt"
    [41] fg=Some(Gray) bg=Some(Reset) mod=NONE "│"
    [42] fg=Some(Yellow) bg=Some(Reset) mod=NONE "│"
    [43] fg=Some(DarkGray) bg=Some(Reset) mod=NONE "https://linear.app/dans-donuts/issue/DAN2-7/wood-fired-oven-runs-t"
    [109] fg=Some(Yellow) bg=Some(Reset) mod=NONE "█"
│!!  DAN-13 Todo Introduce a maple-bacon ││oo-hot                                                            █
    [0] fg=Some(Gray) bg=Some(Reset) mod=NONE "│"
    [1] fg=Some(LightRed) bg=Some(Reset) mod=NONE "!! "
    [5] fg=Some(DarkGray) bg=Some(Reset) mod=NONE "DAN-13"
    [12] fg=Some(Gray) bg=Some(Reset) mod=NONE "Todo"
    [17] fg=Some(White) bg=Some(Reset) mod=NONE "Introduce a maple-bacon "
    [41] fg=Some(Gray) bg=Some(Reset) mod=NONE "│"
    [42] fg=Some(Yellow) bg=Some(Reset) mod=NONE "│"
    [43] fg=Some(DarkGray) bg=Some(Reset) mod=NONE "oo-hot"
    [109] fg=Some(Yellow) bg=Some(Reset) mod=NONE "█"
│!!  DAN2-5 Backlog Settle the pineapple-││                                                                  █
    [0] fg=Some(Gray) bg=Some(Reset) mod=NONE "│"
    [1] fg=Some(LightRed) bg=Some(Reset) mod=NONE "!! "
    [5] fg=Some(DarkGray) bg=Some(Reset) mod=NONE "DAN2-5"
    [12] fg=Some(DarkGray) bg=Some(Reset) mod=NONE "Backlog"
    [20] fg=Some(White) bg=Some(Reset) mod=NONE "Settle the pineapple-"
    [41] fg=Some(Gray) bg=Some(Reset) mod=NONE "│"
    [42] fg=Some(Yellow) bg=Some(Reset) mod=NONE "│"
    [109] fg=Some(Yellow) bg=Some(Reset) mod=NONE "█"
│    DAN-15 Backlog Coffee pairing bundle││Symptoms                                                          █
    [0] fg=Some(Gray) bg=Some(Reset) mod=NONE "│"
    [1] fg=Some(DarkGray) bg=Some(Reset) mod=NONE "   "
    [5] fg=Some(DarkGray) bg=Some(Reset) mod=NONE "DAN-15"
    [12] fg=Some(DarkGray) bg=Some(Reset) mod=NONE "Backlog"
    [20] fg=Some(White) bg=Some(Reset) mod=NONE "Coffee pairing bundle"
    [41] fg=Some(Gray) bg=Some(Reset) mod=NONE "│"
    [42] fg=Some(Yellow) bg=Some(Reset) mod=NONE "│"
    [43] fg=Some(Cyan) bg=Some(Reset) mod=BOLD "Symptoms"
    [109] fg=Some(Yellow) bg=Some(Reset) mod=NONE "█"
│                                        ││                                                                  █
    [0] fg=Some(Gray) bg=Some(Reset) mod=NONE "│"
    [41] fg=Some(Gray) bg=Some(Reset) mod=NONE "│"
    [42] fg=Some(Yellow) bg=Some(Reset) mod=NONE "│"
    [109] fg=Some(Yellow) bg=Some(Reset) mod=NONE "█"
│                                        ││During the Friday rush the stone oven creeps past 480°C and bases █
    [0] fg=Some(Gray) bg=Some(Reset) mod=NONE "│"
    [41] fg=Some(Gray) bg=Some(Reset) mod=NONE "│"
    [42] fg=Some(Yellow) bg=Some(Reset) mod=NONE "│"
    [43] fg=Some(Reset) bg=Some(Reset) mod=NONE "During the Friday rush the stone oven creeps past "
    [93] fg=Some(Reset) bg=Some(Reset) mod=BOLD "480°C"
    [98] fg=Some(Reset) bg=Some(Reset) mod=NONE " and bases "
    [109] fg=Some(Yellow) bg=Some(Reset) mod=NONE "█"
│                                        ││scorch before the cheese melts.                                   █
    [0] fg=Some(Gray) bg=Some(Reset) mod=NONE "│"
    [41] fg=Some(Gray) bg=Some(Reset) mod=NONE "│"
    [42] fg=Some(Yellow) bg=Some(Reset) mod=NONE "│"
    [43] fg=Some(Reset) bg=Some(Reset) mod=NONE "scorch before the cheese melts.                                   "
    [109] fg=Some(Yellow) bg=Some(Reset) mod=NONE "█"
│                                        ││                                                                  █
    [0] fg=Some(Gray) bg=Some(Reset) mod=NONE "│"
    [41] fg=Some(Gray) bg=Some(Reset) mod=NONE "│"
    [42] fg=Some(Yellow) bg=Some(Reset) mod=NONE "│"
    [109] fg=Some(Yellow) bg=Some(Reset) mod=NONE "█"
│                                        ││• Expected: steady 430°C                                          ║
    [0] fg=Some(Gray) bg=Some(Reset) mod=NONE "│"
    [41] fg=Some(Gray) bg=Some(Reset) mod=NONE "│"
    [42] fg=Some(Yellow) bg=Some(Reset) mod=NONE "│"
    [43] fg=Some(Rgb(129, 161, 193)) bg=Some(Reset) mod=NONE "• "
    [45] fg=Some(Reset) bg=Some(Reset) mod=NONE "Expected: steady "
    [62] fg=Some(Rgb(163, 190, 140)) bg=Some(Reset) mod=NONE "430°C"
    [109] fg=Some(Yellow) bg=Some(Reset) mod=NONE "║"
│                                        ││• Actual: 470-480°C                                               ║
    [0] fg=Some(Gray) bg=Some(Reset) mod=NONE "│"
    [41] fg=Some(Gray) bg=Some(Reset) mod=NONE "│"
    [42] fg=Some(Yellow) bg=Some(Reset) mod=NONE "│"
    [43] fg=Some(Rgb(129, 161, 193)) bg=Some(Reset) mod=NONE "• "
    [45] fg=Some(Reset) bg=Some(Reset) mod=NONE "Actual: "
    [53] fg=Some(Rgb(163, 190, 140)) bg=Some(Reset) mod=NONE "470-480°C"
    [109] fg=Some(Yellow) bg=Some(Reset) mod=NONE "║"
└ 1 of 7 ────────────────────────────────┘│• Suspect the flue damper is sticking open                        ║
    [0] fg=Some(Gray) bg=Some(Reset) mod=NONE "└"
    [1] fg=Some(DarkGray) bg=Some(Reset) mod=NONE " 1 of 7 "
    [9] fg=Some(Gray) bg=Some(Reset) mod=NONE "────────────────────────────────┘"
    [42] fg=Some(Yellow) bg=Some(Reset) mod=NONE "│"
    [43] fg=Some(Rgb(129, 161, 193)) bg=Some(Reset) mod=NONE "• "
    [45] fg=Some(Reset) bg=Some(Reset) mod=NONE "Suspect the flue damper is sticking open                        "
    [109] fg=Some(Yellow) bg=Some(Reset) mod=NONE "║"
┌Recently viewed─────────────────────────┐│                                                                  ║
    [0] fg=Some(Gray) bg=Some(Reset) mod=NONE "┌Recently viewed─────────────────────────┐"
    [42] fg=Some(Yellow) bg=Some(Reset) mod=NONE "│"
    [109] fg=Some(Yellow) bg=Some(Reset) mod=NONE "║"
│Issues you open land here               ││Checklist                                                         ║
    [0] fg=Some(Gray) bg=Some(Reset) mod=NONE "│"
    [1] fg=Some(Reset) bg=Some(Reset) mod=NONE "Issues you open land here               "
    [41] fg=Some(Gray) bg=Some(Reset) mod=NONE "│"
    [42] fg=Some(Yellow) bg=Some(Reset) mod=NONE "│"
    [43] fg=Some(Rgb(129, 161, 193)) bg=Some(Reset) mod=BOLD "Checklist"
    [109] fg=Some(Yellow) bg=Some(Reset) mod=NONE "║"
└────────────────────────────────────────┘│                                                                  ║
    [0] fg=Some(Gray) bg=Some(Reset) mod=NONE "└────────────────────────────────────────┘"
    [42] fg=Some(Yellow) bg=Some(Reset) mod=NONE "│"
    [109] fg=Some(Yellow) bg=Some(Reset) mod=NONE "║"
┌Saved Views─────────────────────────────┐│[x] Swap the thermocouple                                         ║
    [0] fg=Some(Gray) bg=Some(Reset) mod=NONE "┌Saved Views─────────────────────────────┐"
    [42] fg=Some(Yellow) bg=Some(Reset) mod=NONE "│"
    [43] fg=Some(Green) bg=Some(Reset) mod=NONE "[x] "
    [47] fg=Some(Reset) bg=Some(Reset) mod=NONE "Swap the thermocouple                                         "
    [109] fg=Some(Yellow) bg=Some(Reset) mod=NONE "║"
│⠋  Loading…                             ││[ ] Inspect the flue damper                                       ║
    [0] fg=Some(Gray) bg=Some(Reset) mod=NONE "│"
    [1] fg=Some(DarkGray) bg=Some(Reset) mod=NONE "⠋  Loading…"
    [41] fg=Some(Gray) bg=Some(Reset) mod=NONE "│"
    [42] fg=Some(Yellow) bg=Some(Reset) mod=NONE "│"
    [43] fg=Some(DarkGray) bg=Some(Reset) mod=NONE "[ ] "
    [47] fg=Some(Reset) bg=Some(Reset) mod=NONE "Inspect the flue damper                                       "
    [109] fg=Some(Yellow) bg=Some(Reset) mod=NONE "║"
└────────────────────────────────────────┘│[ ] Recalibrate the PID loop                                      ║
    [0] fg=Some(Gray) bg=Some(Reset) mod=NONE "└────────────────────────────────────────┘"
    [42] fg=Some(Yellow) bg=Some(Reset) mod=NONE "│"
    [43] fg=Some(DarkGray) bg=Some(Reset) mod=NONE "[ ] "
    [47] fg=Some(Reset) bg=Some(Reset) mod=NONE "Recalibrate the PID loop                                      "
    [109] fg=Some(Yellow) bg=Some(Reset) mod=NONE "║"
┌Teams───────────────────────────────────┐│                                                                  ║
    [0] fg=Some(Gray) bg=Some(Reset) mod=NONE "┌Teams───────────────────────────────────┐"
    [42] fg=Some(Yellow) bg=Some(Reset) mod=NONE "│"
    [109] fg=Some(Yellow) bg=Some(Reset) mod=NONE "║"
│Dan's Pizza                             ││▌ Damper was replaced 6 months ago, should still be under         ║
    [0] fg=Some(Gray) bg=Some(Reset) mod=NONE "│"
    [1] fg=Some(Reset) bg=Some(Rgb(45, 45, 48)) mod=NONE "Dan's Pizza                             "
    [41] fg=Some(Gray) bg=Some(Reset) mod=NONE "│"
    [42] fg=Some(Yellow) bg=Some(Reset) mod=NONE "│"
    [43] fg=Some(DarkGray) bg=Some(Reset) mod=NONE "▌ "
    [45] fg=Some(Reset) bg=Some(Reset) mod=NONE "Damper was replaced 6 months ago, should still be under         "
    [109] fg=Some(Yellow) bg=Some(Reset) mod=NONE "║"
│Dan's Donuts                            ││warranty.                                                         ↓
    [0] fg=Some(Gray) bg=Some(Reset) mod=NONE "│"
    [1] fg=Some(Reset) bg=Some(Reset) mod=NONE "Dan's Donuts                            "
    [41] fg=Some(Gray) bg=Some(Reset) mod=NONE "│"
    [42] fg=Some(Yellow) bg=Some(Reset) mod=NONE "│"
    [43] fg=Some(Reset) bg=Some(Reset) mod=NONE "warranty.                                                         "
    [109] fg=Some(Yellow) bg=Some(Reset) mod=NONE "↓"
└ 1 of 2 ────────────────────────────────┘└──────────────────────────────────────────────────────────────────┘
    [0] fg=Some(Gray) bg=Some(Reset) mod=NONE "└"
    [1] fg=Some(DarkGray) bg=Some(Reset) mod=NONE " 1 of 2 "
    [9] fg=Some(Gray) bg=Some(Reset) mod=NONE "────────────────────────────────┘"
    [42] fg=Some(Yellow) bg=Some(Reset) mod=NONE "└──────────────────────────────────────────────────────────────────┘"
 j/k scroll   C-d/C-u page   s status   a assign   c comment   m comments   + react   o … Dan's Donuts · @dan
    [0] fg=Some(DarkGray) bg=Some(Reset) mod=NONE " j/k scroll   C-d/C-u page   s status   a assign   c comment   m comments   + react   o …"
    [90] fg=Some(Cyan) bg=Some(Reset) mod=NONE "Dan's Donuts · @dan "
