---
source: tests/render.rs
expression: "render_to_string(&mut app, 90, 22)"
---
┌Assigned to me 1/3──────────────┐┌DAN2-7────────────────────────────────────────────────┐
│!!! DAN2-7 In Progress Wood-fire││DAN2-7  In Progress                                   ↑
│!!! DAN-10 In Progress Sprinkle ││Wood-fired oven runs 40°C too hot on Friday nights    █
│!!  DAN2-2 In Progress Delivery ││@dan  oven                                            █
│!!! DAN2-3 Todo Add gluten-free ││https://linear.app/dans-donuts/issue/DAN2-7/wood-fired█
│!!  DAN-13 Todo Introduce a mapl││-oven-runs-too-hot                                    █
│!!  DAN2-5 Backlog Settle the pi││                                                      █
│    DAN-15 Backlog Coffee pairin││Symptoms                                              █
│                                ││                                                      ║
│                  ┌React─────────────────────────────────────────────┐n creeps past     ║
│                  │Current: 👀  1 🚀  1                                │eese melts.       ║
└ 1 of 7 ──────────│Add:     👍    ❤️    🎉    😄    😕    👎               │                  ║
┌Recently viewed───│h/l move · j/k row · enter toggle · c custom · esc│                  ║
│Issues you open la└──────────────────────────────────────────────────┘                  ║
└────────────────────────────────┘│• Suspect the flue damper is sticking open            ║
┌Saved Views─────────────────────┐│                                                      ║
│⠋  Loading…                     ││Checklist                                             ║
└────────────────────────────────┘│                                                      ║
┌Teams───────────────────────────┐│[x] Swap the thermocouple                             ║
│                                ││[ ] Inspect the flue damper                           ↓
└────────────────────────────────┘└──────────────────────────────────────────────────────┘
 h/l move   j/k row   enter toggle   c custom   esc cancel            Dan's Donuts · @dan
