---
source: tests/render.rs
expression: "render_to_string(&mut app, 110, 26)"
---
┌Issue───────────────────────────────────────────────────────────────────────────────────────────────────────┐
│No issue                                                                                                    │
│                                                                                                            │
│                                                                                                            │
│                                                                                                            │
│                                                                                                            │
│                                                                                                            │
│                                                                                                            │
│                                                                                                            │
│                                                                                                            │
│                                                                                                            │
│                                                                                                            │
│                                                                                                            │
│                                                                                                            │
│                                                                                                            │
│                                                                                                            │
│                                                                                                            │
│                                                                                                            │
│                                                                                                            │
│                                                                                                            │
│                                                                                                            │
│                                                                                                            │
│                                                                                                            │
│                                                                                                            │
└────────────────────────────────────────────────────────────────────────────────────────────────────────────┘
 j/k scroll   esc back   r refresh   q quit                                                       connecting…
