---
source: tests/render.rs
expression: "render_to_string(&mut app, 100, 20)"
---
┌Assigned to me · In Progress · Inbox┐┌DAN2-7──────────────────────────────────────────────────────┐
│!!! DAN2-7 In Progress Wood-fired ov││DAN2-7  In Progress                                         ↑
│!!! DAN-10 In Progress Sprinkle disp││Wood-fired oven runs 40°C too hot on Friday nights          █
│!!  DAN2-2 In Progress Delivery driv││@dan  oven                                                  █
│!!! DAN2-3 Todo Add gluten-┌Set status  DAN2-7────────────────────────┐sue/DAN2-7/wood-fired-oven-█
│!!  DAN-13 Todo Introduce a│Backlog  backlog                          │                           █
│!!  DAN2-5 Backlog Settle t│Todo  unstarted                           │                           ║
└ 1 of 7 ───────────────────│In Progress  started                      │                           ║
┌Recently viewed────────────│Done  completed                           │                           ║
│Issues you open land here  │Cancelled  canceled                       │oven creeps past 480°C and ║
└───────────────────────────│                                          │lts.                       ║
┌Saved Views────────────────│                                          │                           ║
│#payroll                   │                                          │                           ║
│#nest-sync                 │                                          │                           ║
└ 1 of 4 ───────────────────└ 1 of 5 ──────────────────────────────────┘king open                  ║
┌Teams───────────────────────────────┐│                                                            ║
│Dan's Pizza                         ││Checklist                                                   ║
│Dan's Donuts                        ││                                                            ↓
└ 1 of 2 ────────────────────────────┘└────────────────────────────────────────────────────────────┘
 j move   enter select   esc cancel                                             Dan's Donuts · @dan
