---
source: tests/render.rs
expression: "render_to_string(&mut app, 84, 24)"
---
┌Assigned to me 1/3────────────┐┌Preview───────────────────────────────────────────┐
│No issues in this view        ││No issue selected                                 │
│                              ││                                                  │
│                              ││                                                  │
│                       ┌Keybindings───────────────────────┐                       │
│                       │Local                             │                       │
│                       │      j/↓  move                   │                       │
│                       │        ]  view                   │                       │
│                       │enter/l/→  open                   │                       │
│                       │        /  find                   │                       │
│                       │        n  next match             │                       │
└───────────────────────│        o  browser                │                       │
┌Recently viewed────────│        y  yank                   │                       │
│Issues you open land he│        r  reload                 │                       │
└───────────────────────│Global                            │                       │
┌Saved Views────────────│        g  go to                  │                       │
│#payroll               │      tab  panel                  │                       │
│#nest-sync             │shift+tab  panel                  │                       │
└ 1 of 4 ───────────────│        ?  help                   │                       │
┌Teams──────────────────└──────────────────────────────────┘                       │
│Dan's Pizza                   ││                                                  │
│Dan's Donuts                  ││                                                  │
└ 1 of 2 ──────────────────────┘└──────────────────────────────────────────────────┘
 j move   tab section   enter run   esc close                           connecting…
