---
source: tests/render.rs
expression: "render_to_string(&mut app, 84, 16)"
---
┌Assigned to me 1/3────────────┐┌Preview───────────────────────────────────────────┐
│No issues in this view        ││No issue selected                                 │
│                              ││                                                  │
│                              ││                                                  │
└──────────────────────────────┘│                                                  │
┌Recently viewed─────────────┌Go to──────────────────┐                             │
│Issues you open land here   │g  top                 │                             │
└────────────────────────────│G  bottom              │                             │
┌Saved Views─────────────────│i  issue               │                             │
│Loading…                    │s  search              │                             │
└────────────────────────────└───────────────────────┘                             │
┌Teams─────────────────────────┐│                                                  │
│Dan's Pizza                   ││                                                  │
│Dan's Donuts                  ││                                                  │
└ 1 of 2 ──────────────────────┘└──────────────────────────────────────────────────┘
 g top   G bottom   i issue   s search   esc cancel                     connecting…
